<?xml version="1.0" encoding="UTF-8" ?>
<testsuites name="vitest tests" tests="33" failures="0" errors="0" time="0.026027417">
    <testsuite name="test/api/Api.test.ts" timestamp="2026-04-20T20:55:57.477Z" hostname="astandrik-osx" tests="5" failures="0" errors="0" skipped="0" time="0.008263667">
        <testcase classname="test/api/Api.test.ts" name="YdbQdrantClient (programmatic API, mocked YDB) &gt; forwards all client methods to service when initialized with apiKey" time="0.004368417">
        </testcase>
        <testcase classname="test/api/Api.test.ts" name="YdbQdrantClient (programmatic API, mocked YDB) &gt; uses userUid as signing key when initialized with userUid only" time="0.000343708">
        </testcase>
        <testcase classname="test/api/Api.test.ts" name="YdbQdrantClient (programmatic API, mocked YDB) &gt; configures the YDB driver and ensures metadata table before returning a client" time="0.000224083">
        </testcase>
        <testcase classname="test/api/Api.test.ts" name="YdbQdrantClient (programmatic API, mocked YDB) &gt; rejects ambiguous identity when apiKey and userUid are both provided" time="0.001147417">
        </testcase>
        <testcase classname="test/api/Api.test.ts" name="YdbQdrantClient (programmatic API, mocked YDB) &gt; rejects missing identity without throwing a TypeError when called without options" time="0.00081925">
        </testcase>
    </testsuite>
    <testsuite name="test/routes/collections.test.ts" timestamp="2026-04-20T20:55:57.478Z" hostname="astandrik-osx" tests="6" failures="0" errors="0" skipped="0" time="0.0054545">
        <testcase classname="test/routes/collections.test.ts" name="collectionsRouter (HTTP, mocked service) &gt; creates collection with raw collection and apiKey" time="0.002331209">
        </testcase>
        <testcase classname="test/routes/collections.test.ts" name="collectionsRouter (HTTP, mocked service) &gt; passes res.locals.authUserUid as userUid into service calls" time="0.000812833">
        </testcase>
        <testcase classname="test/routes/collections.test.ts" name="collectionsRouter (HTTP, mocked service) &gt; returns QdrantServiceError payload and status code on collection error" time="0.000366292">
        </testcase>
        <testcase classname="test/routes/collections.test.ts" name="collectionsRouter (HTTP, mocked service) &gt; handles get and delete collection through service" time="0.000613125">
        </testcase>
        <testcase classname="test/routes/collections.test.ts" name="collectionsRouter (HTTP, mocked service) &gt; invokes putCollectionIndex with raw collection and apiKey from request" time="0.000243083">
        </testcase>
        <testcase classname="test/routes/collections.test.ts" name="collectionsRouter (HTTP, mocked service) &gt; passes different tenant-scoped userUids for the same api-key" time="0.000136584">
        </testcase>
    </testsuite>
    <testsuite name="test/routes/points.test.ts" timestamp="2026-04-20T20:55:57.478Z" hostname="astandrik-osx" tests="15" failures="0" errors="0" skipped="0" time="0.0084665">
        <testcase classname="test/routes/points.test.ts" name="pointsRouter (HTTP, mocked service) &gt; upserts points via both PUT and POST aliases" time="0.003602917">
        </testcase>
        <testcase classname="test/routes/points.test.ts" name="pointsRouter (HTTP, mocked service) &gt; does not call upsert service when request has already timed out" time="0.000277917">
        </testcase>
        <testcase classname="test/routes/points.test.ts" name="pointsRouter (HTTP, mocked service) &gt; searches, queries and deletes points through service" time="0.000917583">
        </testcase>
        <testcase classname="test/routes/points.test.ts" name="pointsRouter (HTTP, mocked service) &gt; passes different tenant-scoped userUids for the same api-key" time="0.000415917">
        </testcase>
        <testcase classname="test/routes/points.test.ts" name="pointsRouter (HTTP, mocked service) &gt; returns QdrantServiceError payload and status for points search failures" time="0.000221292">
        </testcase>
        <testcase classname="test/routes/points.test.ts" name="pointsRouter (HTTP, mocked service) &gt; returns 400 and payload for vector dimension mismatch on upsert" time="0.000173583">
        </testcase>
        <testcase classname="test/routes/points.test.ts" name="pointsRouter (HTTP, mocked service) &gt; logs unexpected errors and returns 500 for delete points" time="0.000116791">
        </testcase>
        <testcase classname="test/routes/points.test.ts" name="pointsRouter (HTTP, mocked service) &gt; returns 500 and schedules exit on compilation timeout during upsert (PUT)" time="0.00018425">
        </testcase>
        <testcase classname="test/routes/points.test.ts" name="pointsRouter (HTTP, mocked service) &gt; still schedules exit for compilation timeout when PUT request has already timed out" time="0.000267">
        </testcase>
        <testcase classname="test/routes/points.test.ts" name="pointsRouter (HTTP, mocked service) &gt; returns 500 and schedules exit on compilation timeout during upsert (POST)" time="0.000144667">
        </testcase>
        <testcase classname="test/routes/points.test.ts" name="pointsRouter (HTTP, mocked service) &gt; still schedules exit for compilation timeout when POST upsert alias has already timed out" time="0.00016725">
        </testcase>
        <testcase classname="test/routes/points.test.ts" name="pointsRouter (HTTP, mocked service) &gt; returns 500 and schedules exit on compilation timeout during search" time="0.000091041">
        </testcase>
        <testcase classname="test/routes/points.test.ts" name="pointsRouter (HTTP, mocked service) &gt; returns 500 and schedules exit on compilation timeout during query" time="0.000450875">
        </testcase>
        <testcase classname="test/routes/points.test.ts" name="pointsRouter (HTTP, mocked service) &gt; retrieves points by IDs via POST /:collection/points" time="0.000399292">
        </testcase>
        <testcase classname="test/routes/points.test.ts" name="pointsRouter (HTTP, mocked service) &gt; returns QdrantServiceError for retrieve points failures" time="0.00013025">
        </testcase>
    </testsuite>
    <testsuite name="test/utils/requestIdentity.test.ts" timestamp="2026-04-20T20:55:57.480Z" hostname="astandrik-osx" tests="7" failures="0" errors="0" skipped="0" time="0.00384275">
        <testcase classname="test/utils/requestIdentity.test.ts" name="utils/requestIdentity &gt; extracts and trims api-key" time="0.000915375">
        </testcase>
        <testcase classname="test/utils/requestIdentity.test.ts" name="utils/requestIdentity &gt; prefers req.ip over socket.remoteAddress" time="0.000139542">
        </testcase>
        <testcase classname="test/utils/requestIdentity.test.ts" name="utils/requestIdentity &gt; derives user uid from api-key when present" time="0.000522333">
        </testcase>
        <testcase classname="test/utils/requestIdentity.test.ts" name="utils/requestIdentity &gt; falls back to anonymous ip+ua identity when api-key is absent" time="0.000373875">
        </testcase>
        <testcase classname="test/utils/requestIdentity.test.ts" name="utils/requestIdentity &gt; builds the same namespace uid for missing tenant and tenant=default" time="0.000173417">
        </testcase>
        <testcase classname="test/utils/requestIdentity.test.ts" name="utils/requestIdentity &gt; separates namespace uids for different tenant headers" time="0.000345542">
        </testcase>
        <testcase classname="test/utils/requestIdentity.test.ts" name="utils/requestIdentity &gt; uses api-key as signing key when present and user uid otherwise" time="0.00024">
        </testcase>
    </testsuite>
</testsuites>
